0,1,2,3,4,5,6,7
0
7
0,,1
0,,3
1,a,2
2,,7
3,,4
3,,6
4,b,5
5,,4
5,,6
6,,7
