0,1,2,3,4,5,6,7,8,9,10,11
0
11
0,b,1
1,c,2
2,,3
2,,9
3,,4
3,,6
4,b,5
5,,4
5,,6
6,b,7
7,b,8
8,,11
9,a,10
10,,11
