0,1,2,3,4,5,6,7
0
7
0,,1
0,,5
1,,2
1,,4
2,a,3
3,,2
3,,4
4,,7
5,b,6
6,,7
