0,1,2,3,4,5,6
0
6
0,,1
0,,3
1,a,2
2,,5
3,b,4
4,,5
5,c,6
