0,1,2,3,4,5,6,7,8
0
8
0,,1
0,,8
1,,2
1,,4
2,a,3
3,,6
4,b,5
5,,6
6,c,7
7,,1
7,,8
