0,1,2,3,4,5,6,7,8,9,10
0
10
0,,1
0,,7
1,,2
1,,4
2,a,3
3,,6
4,b,5
5,,6
6,,10
7,c,8
8,d,9
9,,10
