0,1,2,3,4,5,6,7,8,9,10,11,12,13,14,15,16,17
0
17
0,,1
0,,4
1,c,2
2,d,3
3,,17
4,,5
4,,13
5,,6
5,,9
6,a,7
7,a,8
8,,12
9,b,10
10,b,11
11,,12
12,,5
12,,13
13,a,14
14,b,15
15,b,16
16,,17
